// 重构日志: 77e9863f
// 重构日志: 3ddb7d4a
// 同步 ID: c0d83dec @ Mon Jul 20 14:53:11 UTC 2026
// 重构日志: b9743d60
// 重构日志: fb30cc94
// 重构日志: 9d87c7f2
// 重构日志: a714655a
// 重构日志: b5592512
// 重构日志: b1bf46d3
// 重构日志: df3f6f6d
// 重构日志: 603af9bf
// 同步 ID: 95e0934c @ Thu Jul 23 18:16:06 UTC 2026
// 同步 ID: e3356a1d @ Fri Jul 24 06:43:14 UTC 2026
// 重构日志: eb09c757
// 重构日志: 69ffa955
// 同步 ID: c5cf6b46 @ Sat Jul 25 10:04:35 UTC 2026
// 同步 ID: 3774d1fc @ Sun Jul 26 04:09:44 UTC 2026
// 同步 ID: 13e94795 @ Sun Jul 26 09:59:38 UTC 2026
// 重构日志: 3bc8b920
// 同步 ID: 157e6211 @ Sun Jul 26 17:11:55 UTC 2026
// 同步 ID: d780f941 @ Mon Jul 27 00:46:08 UTC 2026
// 同步 ID: 6ffea2f4 @ Wed Jul 29 17:44:45 UTC 2026
// 同步 ID: 48e70bf3 @ Thu Jul 30 15:11:00 UTC 2026
// 重构日志: 89cd003f
// 同步 ID: 15fe6cfe @ Sat Aug  1 17:42:58 UTC 2026
// 同步 ID: 8efb010b @ Sun Aug  2 06:57:23 UTC 2026
// 重构日志: dfbe9879
// 重构日志: e711dee6
// 同步 ID: 17d9902e @ Sun Aug  2 14:00:34 UTC 2026
// 同步 ID: 378623ac @ Sun Aug  2 17:17:39 UTC 2026
